// Jest Snapshot v1, https://goo.gl/fbAQLP

exports[`Header renders correctly 1`] = `
.c1 {
  color: #3f9b41;
  font-weight: bold;
  font-size: x-large;
  margin-left: 20px;
}

.c0 {
  position: -webkit-sticky;
  position: sticky;
  height: auto;
  border-block-end: thin solid #eaf9f1;
  display: -webkit-box;
  display: -webkit-flex;
  display: -ms-flexbox;
  display: flex;
  -webkit-flex-flow: row wrap;
  -ms-flex-flow: row wrap;
  flex-flow: row wrap;
  -webkit-align-content: space-around;
  -ms-flex-line-pack: space-around;
  align-content: space-around;
}

<header
  className="c0"
>
  <h1
    className="c1"
  >
    Test
  </h1>
</header>
`;
