// Jest Snapshot v1, https://goo.gl/fbAQLP

exports[`Logo renders correctly 1`] = `
.c0 {
  color: darkgreen;
  font-weight: bold;
  font-size: 32px;
}

<h1
  className="c0"
>
  Test
</h1>
`;
